
> proptech@0.1.0 build
> next build

  Γû▓ Next.js 14.2.35
  - Environments: .env.local

node.exe : 
At C:\Program Files\nodejs\npm.ps1:29 char:3
+   & $NODE_EXE $NPM_CLI_JS $args
+   ~~~~~~~~~~~~~~~~~~~~~~~~~~~~~
    + CategoryInfo          : NotSpecified: (:String  
  ) [], RemoteException
    + FullyQualifiedErrorId : NativeCommandError
 
> Build error occurred
Error: You cannot use different slug names for the 
same dynamic path ('bookingId' !== 'id').
    at handleSlug (D:\1-COLLAGE\Major Project\Test-2\n
ode_modules\next\dist\shared\lib\router\utils\sorted-r
outes.js:94:31)
    at UrlNode._insert (D:\1-COLLAGE\Major Project\Tes
t-2\node_modules\next\dist\shared\lib\router\utils\sor
ted-routes.js:131:17)
    at UrlNode._insert (D:\1-COLLAGE\Major Project\Tes
t-2\node_modules\next\dist\shared\lib\router\utils\sor
ted-routes.js:142:40)
    at UrlNode._insert (D:\1-COLLAGE\Major Project\Tes
t-2\node_modules\next\dist\shared\lib\router\utils\sor
ted-routes.js:142:40)
    at UrlNode._insert (D:\1-COLLAGE\Major Project\Tes
t-2\node_modules\next\dist\shared\lib\router\utils\sor
ted-routes.js:142:40)
    at UrlNode.insert (D:\1-COLLAGE\Major Project\Test
-2\node_modules\next\dist\shared\lib\router\utils\sort
ed-routes.js:13:14)
    at D:\1-COLLAGE\Major Project\Test-2\node_modules\
next\dist\shared\lib\router\utils\sorted-routes.js:165
:46
    at Array.forEach (<anonymous>)
    at getSortedRoutes (D:\1-COLLAGE\Major Project\Tes
t-2\node_modules\next\dist\shared\lib\router\utils\sor
ted-routes.js:165:21)
    at D:\1-COLLAGE\Major Project\Test-2\node_modules\
next\dist\build\index.js:625:65
